estimated total: 66000 +/- 9000
real cost will be between 57000 and 75000
budget 80000: within budget, guaranteed
budget 70000: cannot tell: tighten the estimates
budget 60000: cannot tell: tighten the estimates
budget 50000: over budget, guaranteed
with 10% contingency: 62700 .. 82500
budget 70000: cannot tell: tighten the estimates
